%!Adobe-FontList 1.14
%Locale:0x409

%BeginFont
Handler:DirectoryHandler
FontType:Type1
FontName:Gotham-Bold
FamilyName:Gotham
StyleName:Bold
MenuName:Gotham
StyleBits:2
WeightClass:700
WidthClass:5
AngleClass:0
FullName:Gotham-Bold
WritingScript:Roman
OutlineFileName:\GothaBol
DataFormat:POSTResource
UsesStandardEncoding:no
isCFF:no
FileLength:30891
FileModTime:1023220144
DesignSize:-1
%EndFont

%BeginFont
Handler:DirectoryHandler
FontType:Type1
FontName:Gotham-Book
FamilyName:Gotham
StyleName:Book
MenuName:Gotham
StyleBits:0
WeightClass:400
WidthClass:5
AngleClass:0
FullName:Gotham-Book
WritingScript:Roman
OutlineFileName:\GothaBoo
DataFormat:POSTResource
UsesStandardEncoding:no
isCFF:no
FileLength:30608
FileModTime:1023205742
DesignSize:-1
%EndFont

%BeginFont
Handler:DirectoryHandler
FontType:Suitcase
FontName:Gotham-Bold
OutlineFileName:\Gotham-Bold.scr
ResourceID:4161
MacStyle:0
FileLength:24468
FileModTime:1255901490
%EndFont

%BeginFont
Handler:DirectoryHandler
FontType:Suitcase
FontName:Gotham-Book
OutlineFileName:\Gotham-Book.scr
ResourceID:4159
MacStyle:0
FileLength:24092
FileModTime:1255901490
%EndFont

%BeginFont
Handler:DirectoryHandler
FontType:Suitcase
FontName:Gotham-Medium
OutlineFileName:\Gotham-Medium.scr
ResourceID:4160
MacStyle:0
FileLength:24480
FileModTime:1255901490
%EndFont

%BeginFont
Handler:DirectoryHandler
FontType:Type1
FontName:Gotham-Medium
FamilyName:Gotham
StyleName:Medium
MenuName:Gotham
StyleBits:0
WeightClass:500
WidthClass:5
AngleClass:0
FullName:Gotham-Medium
WritingScript:Roman
OutlineFileName:\GothaMed
DataFormat:POSTResource
UsesStandardEncoding:no
isCFF:no
FileLength:30764
FileModTime:1023289224
DesignSize:-1
%EndFont

%BeginFont
Handler:DirectoryHandler
FontType:Type1
FontName:SanchezLight
FamilyName:Sanchez
StyleName:Light
MenuName:Sanchez Light
StyleBits:0
WeightClass:291
WidthClass:5
AngleClass:0
FullName:Sanchez Light 
WritingScript:Roman
OutlineFileName:\Latinotype - SanchezLight.otf
DataFormat:sfntData
UsesStandardEncoding:yes
isCFF:yes
FileLength:90380
FileModTime:1383383584
%EndFont

%BeginFont
Handler:DirectoryHandler
FontType:Type1
FontName:Sanchez-Regular
FamilyName:Sanchez 
StyleName:Regular
MenuName:Sanchez Regular
StyleBits:0
WeightClass:400
WidthClass:5
AngleClass:0
FullName:Sanchez Regular
WritingScript:Roman
OutlineFileName:\Sanchezregular.otf
DataFormat:sfntData
UsesStandardEncoding:yes
isCFF:yes
FileLength:54960
FileModTime:1341681388
%EndFont

%BeginFont
Handler:DirectoryHandler
FontType:TrueType
FontName:Times-Roman
FamilyName:Times
StyleName:Regular
MenuName:Times
StyleBits:0
WeightClass:400
WidthClass:5
AngleClass:0
FullName:Times Roman
WritingScript:Roman
OutlineFileName:\Times.dfont
DataFormat:sfntResource
ResourceID:13494
FileLength:1763409
FileModTime:1191363495
%EndFont

%BeginFont
Handler:DirectoryHandler
FontType:TrueType
FontName:Times-Bold
FamilyName:Times
StyleName:Bold
MenuName:Times
StyleBits:2
WeightClass:700
WidthClass:5
AngleClass:0
FullName:Times Bold
WritingScript:Roman
OutlineFileName:\Times.dfont
DataFormat:sfntResource
ResourceID:16697
FileLength:1763409
FileModTime:1191363495
%EndFont

%BeginFont
Handler:DirectoryHandler
FontType:TrueType
FontName:Times-Italic
FamilyName:Times
StyleName:Italic
MenuName:Times
StyleBits:1
WeightClass:400
WidthClass:5
AngleClass:1
FullName:Times Italic
WritingScript:Roman
OutlineFileName:\Times.dfont
DataFormat:sfntResource
ResourceID:21585
FileLength:1763409
FileModTime:1191363495
%EndFont

%BeginFont
Handler:DirectoryHandler
FontType:TrueType
FontName:Times-BoldItalic
FamilyName:Times
StyleName:Bold Italic
MenuName:Times
StyleBits:3
WeightClass:700
WidthClass:5
AngleClass:1
FullName:Times Bold Italic
WritingScript:Roman
OutlineFileName:\Times.dfont
DataFormat:sfntResource
ResourceID:22219
FileLength:1763409
FileModTime:1191363495
%EndFont

%BeginFont
Handler:DirectoryHandler
FontType:Suitcase
FontName:Times-Roman
OutlineFileName:\Times.dfont
ResourceID:20
MacStyle:0
FileLength:1763409
FileModTime:1191363495
%EndFont

%BeginFont
Handler:DirectoryHandler
FontType:Suitcase
FontName:Times-Bold
OutlineFileName:\Times.dfont
ResourceID:20
MacStyle:1
FileLength:1763409
FileModTime:1191363495
%EndFont

%BeginFont
Handler:DirectoryHandler
FontType:Suitcase
FontName:Times-Italic
OutlineFileName:\Times.dfont
ResourceID:20
MacStyle:2
FileLength:1763409
FileModTime:1191363495
%EndFont

%BeginFont
Handler:DirectoryHandler
FontType:Suitcase
FontName:Times-BoldItalic
OutlineFileName:\Times.dfont
ResourceID:20
MacStyle:3
FileLength:1763409
FileModTime:1191363495
%EndFont

%BeginFont
Handler:DirectoryHandler
FontType:Suitcase
FontName:TimesCY-Regular
OutlineFileName:\Times.dfont
ResourceID:19540
MacStyle:0
FileLength:1763409
FileModTime:1191363495
%EndFont

%BeginFont
Handler:DirectoryHandler
FontType:Suitcase
FontName:TimesCY-Bold
OutlineFileName:\Times.dfont
ResourceID:19540
MacStyle:1
FileLength:1763409
FileModTime:1191363495
%EndFont

%BeginFont
Handler:DirectoryHandler
FontType:Suitcase
FontName:TimesCY-Italic
OutlineFileName:\Times.dfont
ResourceID:19540
MacStyle:2
FileLength:1763409
FileModTime:1191363495
%EndFont

%BeginFont
Handler:DirectoryHandler
FontType:Suitcase
FontName:TimesCY-BoldItalic
OutlineFileName:\Times.dfont
ResourceID:19540
MacStyle:3
FileLength:1763409
FileModTime:1191363495
%EndFont

%BeginFont
Handler:DirectoryHandler
FontType:Suitcase
FontName:TimesCE-Roman
OutlineFileName:\Times.dfont
ResourceID:30740
MacStyle:0
FileLength:1763409
FileModTime:1191363495
%EndFont

%BeginFont
Handler:DirectoryHandler
FontType:Suitcase
FontName:TimesCE-Bold
OutlineFileName:\Times.dfont
ResourceID:30740
MacStyle:1
FileLength:1763409
FileModTime:1191363495
%EndFont

%BeginFont
Handler:DirectoryHandler
FontType:Suitcase
FontName:TimesCE-Italic
OutlineFileName:\Times.dfont
ResourceID:30740
MacStyle:2
FileLength:1763409
FileModTime:1191363495
%EndFont

%BeginFont
Handler:DirectoryHandler
FontType:Suitcase
FontName:TimesCE-BoldItalic
OutlineFileName:\Times.dfont
ResourceID:30740
MacStyle:3
FileLength:1763409
FileModTime:1191363495
%EndFont

